// Bun Snapshot v1, https://goo.gl/fbAQLP

exports[`Markdown rendering 1`] = `
"# This should be markdown

This *is italic* and **this is bold**.

1. This is a list
2. With two items
3. And a third
4. With a sub-item

- This is a bullet list
- With two items
- And a third
  - With a sub-item
  - And another
  
    \`\`\`
    \x1B[32mcode\x1B[39m
    \`\`\`

    - And another


\`\`\`javascript
\x1B[33mconsole\x1B[39m.\x1B[34mlog\x1B[39m(\x1B[36m"Hello, world!"\x1B[39m)
\`\`\`"
`;
