// Bun Snapshot v1, https://goo.gl/fbAQLP

exports[`parsing code blocks 1`] = `
"This is a code block:

\`\`\`javascript
[33mconsole[39m.[34mlog[39m([36m"Hello, world!"[39m)
\`\`\`

This is another code block:

\`\`\`typescript
[33mconsole[39m.[34mlog[39m([36m"Hello, world!"[39m)
\`\`\`

This one is incomplete, but should still parse:

\`\`\`
function [34mmyTestFunction[39m() {
  [32mconst[39m a = [36m42[39m
  [32mconst[39m b = [36m50[39m
  [32mreturn[39m a + b
}
"
`;
