// Bun Snapshot v1, https://goo.gl/fbAQLP

exports[`parsing code blocks 1`] = `
"This is a code block:

\`\`\`
console.\x1B[31mlog\x1B[39m(\x1B[36m"Hello, world!"\x1B[39m)
\`\`\`

\`\`\`javascript
\x1B[33mconsole\x1B[39m.\x1B[34mlog\x1B[39m(\x1B[36m"Hello, world!"\x1B[39m)
\`\`\`

\`\`\`
something
\`\`\`

Inline code:

\`const xyz = 123\`

This is another code block:

\`\`\`typescript
\x1B[33mconsole\x1B[39m.\x1B[34mlog\x1B[39m(\x1B[36m"Hello, world!"\x1B[39m)
\`\`\`

This one is incomplete, but should still parse:

\`\`\`
function \x1B[34mmyTestFunction\x1B[39m() {
  \x1B[32mconst\x1B[39m a = \x1B[36m42\x1B[39m
  \x1B[32mconst\x1B[39m b = \x1B[36m50\x1B[39m
  \x1B[32mreturn\x1B[39m a + b
}
"
`;
